
  .   ____          _            __ _ _
 /\\ / ___'_ __ _ _(_)_ __  __ _ \ \ \ \
( ( )\___ | '_ | '_| | '_ \/ _` | \ \ \ \
 \\/  ___)| |_)| | | | | || (_| |  ) ) ) )
  '  |____| .__|_| |_|_| |_\__, | / / / /
 =========|_|==============|___/=/_/_/_/
 :: Spring Boot ::                (v3.1.0)

2025-11-30T01:55:56.412+01:00  INFO 24548 --- [           main] com.iset.hobbyapp.HobbyAppApplication    : Starting HobbyAppApplication v0.0.1-SNAPSHOT using Java 25.0.1 with PID 24548 (C:\Users\rayen\IdeaProjects\IntegrationProject\hobby-app\target\hobby-app-0.0.1-SNAPSHOT.jar started by rayen in C:\Users\rayen\IdeaProjects\IntegrationProject\hobby-app)
2025-11-30T01:55:56.415+01:00  INFO 24548 --- [           main] com.iset.hobbyapp.HobbyAppApplication    : No active profile set, falling back to 1 default profile: "default"
2025-11-30T01:55:57.190+01:00  INFO 24548 --- [           main] .s.d.r.c.RepositoryConfigurationDelegate : Bootstrapping Spring Data JPA repositories in DEFAULT mode.
2025-11-30T01:55:57.281+01:00  INFO 24548 --- [           main] .s.d.r.c.RepositoryConfigurationDelegate : Finished Spring Data repository scanning in 67 ms. Found 7 JPA repository interfaces.
2025-11-30T01:55:57.885+01:00  INFO 24548 --- [           main] o.s.b.w.embedded.tomcat.TomcatWebServer  : Tomcat initialized with port(s): 8087 (http)
2025-11-30T01:55:57.899+01:00  INFO 24548 --- [           main] o.apache.catalina.core.StandardService   : Starting service [Tomcat]
2025-11-30T01:55:57.899+01:00  INFO 24548 --- [           main] o.apache.catalina.core.StandardEngine    : Starting Servlet engine: [Apache Tomcat/10.1.8]
2025-11-30T01:55:57.960+01:00  INFO 24548 --- [           main] o.a.c.c.C.[Tomcat].[localhost].[/]       : Initializing Spring embedded WebApplicationContext
2025-11-30T01:55:57.961+01:00  INFO 24548 --- [           main] w.s.c.ServletWebServerApplicationContext : Root WebApplicationContext: initialization completed in 1491 ms
2025-11-30T01:55:58.120+01:00  INFO 24548 --- [           main] o.hibernate.jpa.internal.util.LogHelper  : HHH000204: Processing PersistenceUnitInfo [name: default]
2025-11-30T01:55:58.183+01:00  INFO 24548 --- [           main] org.hibernate.Version                    : HHH000412: Hibernate ORM core version 6.2.2.Final
2025-11-30T01:55:58.186+01:00  INFO 24548 --- [           main] org.hibernate.cfg.Environment            : HHH000406: Using bytecode reflection optimizer
2025-11-30T01:55:58.322+01:00  INFO 24548 --- [           main] o.h.b.i.BytecodeProviderInitiator        : HHH000021: Bytecode provider name : bytebuddy
2025-11-30T01:55:58.459+01:00  INFO 24548 --- [           main] o.s.o.j.p.SpringPersistenceUnitInfo      : No LoadTimeWeaver setup: ignoring JPA class transformer
2025-11-30T01:55:58.480+01:00  INFO 24548 --- [           main] com.zaxxer.hikari.HikariDataSource       : HikariPool-1 - Starting...
2025-11-30T01:55:58.644+01:00  INFO 24548 --- [           main] com.zaxxer.hikari.pool.HikariPool        : HikariPool-1 - Added connection com.mysql.cj.jdbc.ConnectionImpl@21ae6e73
2025-11-30T01:55:58.647+01:00  INFO 24548 --- [           main] com.zaxxer.hikari.HikariDataSource       : HikariPool-1 - Start completed.
2025-11-30T01:55:58.696+01:00  WARN 24548 --- [           main] org.hibernate.dialect.Dialect            : HHH000511: The 5.5.0 version for [org.hibernate.dialect.MySQLDialect] is no longer supported, hence certain features may not work properly. The minimum supported version is 5.7.0. Check the community dialects project for available legacy versions.
2025-11-30T01:55:58.699+01:00  INFO 24548 --- [           main] org.hibernate.orm.dialect                : HHH035001: Using dialect: org.hibernate.dialect.MySQLDialect, version: 5.5
2025-11-30T01:55:58.901+01:00  INFO 24548 --- [           main] o.h.b.i.BytecodeProviderInitiator        : HHH000021: Bytecode provider name : bytebuddy
2025-11-30T01:55:59.477+01:00  INFO 24548 --- [           main] o.h.e.t.j.p.i.JtaPlatformInitiator       : HHH000490: Using JtaPlatform implementation: [org.hibernate.engine.transaction.jta.platform.internal.NoJtaPlatform]
2025-11-30T01:55:59.596+01:00  INFO 24548 --- [           main] j.LocalContainerEntityManagerFactoryBean : Initialized JPA EntityManagerFactory for persistence unit 'default'
2025-11-30T01:55:59.931+01:00  INFO 24548 --- [           main] o.s.d.j.r.query.QueryEnhancerFactory     : Hibernate is in classpath; If applicable, HQL parser will be used.
2025-11-30T01:56:00.530+01:00  WARN 24548 --- [           main] JpaBaseConfiguration$JpaWebConfiguration : spring.jpa.open-in-view is enabled by default. Therefore, database queries may be performed during view rendering. Explicitly configure spring.jpa.open-in-view to disable this warning
2025-11-30T01:56:00.570+01:00  WARN 24548 --- [           main] .s.s.UserDetailsServiceAutoConfiguration : 

Using generated security password: b4036f50-2b30-4d24-a7c8-c080533bd005

This generated password is for development use only. Your security configuration must be updated before running your application in production.

2025-11-30T01:56:00.674+01:00  INFO 24548 --- [           main] o.s.s.web.DefaultSecurityFilterChain     : Will secure any request with [org.springframework.security.web.session.DisableEncodeUrlFilter@ab2009f, org.springframework.security.web.context.request.async.WebAsyncManagerIntegrationFilter@2a11ae0b, org.springframework.security.web.context.SecurityContextHolderFilter@4e1a3d5a, org.springframework.security.web.header.HeaderWriterFilter@21c99abf, org.springframework.web.filter.CorsFilter@1e4d8770, org.springframework.security.web.authentication.logout.LogoutFilter@f793f15, org.springframework.security.web.savedrequest.RequestCacheAwareFilter@35f760a4, org.springframework.security.web.servletapi.SecurityContextHolderAwareRequestFilter@35af52dc, org.springframework.security.web.authentication.AnonymousAuthenticationFilter@5b5b9521, org.springframework.security.web.access.ExceptionTranslationFilter@6f4adaab, org.springframework.security.web.access.intercept.AuthorizationFilter@22604c7e]
2025-11-30T01:56:01.185+01:00  INFO 24548 --- [           main] o.s.b.w.embedded.tomcat.TomcatWebServer  : Tomcat started on port(s): 8087 (http) with context path ''
2025-11-30T01:56:01.204+01:00  INFO 24548 --- [           main] com.iset.hobbyapp.HobbyAppApplication    : Started HobbyAppApplication in 5.13 seconds (process running for 5.585)
Database already populated, skipping initialization
2025-11-30T01:56:03.658+01:00  INFO 24548 --- [nio-8087-exec-1] o.a.c.c.C.[Tomcat].[localhost].[/]       : Initializing Spring DispatcherServlet 'dispatcherServlet'
2025-11-30T01:56:03.664+01:00  INFO 24548 --- [nio-8087-exec-1] o.s.web.servlet.DispatcherServlet        : Initializing Servlet 'dispatcherServlet'
2025-11-30T01:56:03.665+01:00  INFO 24548 --- [nio-8087-exec-1] o.s.web.servlet.DispatcherServlet        : Completed initialization in 1 ms
[JWT Filter] Authenticated user: watcho@gmail.com
[AuthController] Login attempt for email: watcho@gmail.com
[AuthController] User found with ID: 2
[JWT Filter] Authenticated user: watcho@gmail.com
[JWT Filter] Authenticated user: watcho@gmail.com
Fetched 2 hobbies
Fetched 0 events
[JWT Filter] Authenticated user: watcho@gmail.com
[AuthController] Login attempt for email: rayen@gmail.com
[AuthController] User found with ID: 1
[JWT Filter] Authenticated user: rayen@gmail.com
[JWT Filter] Authenticated user: rayen@gmail.com
Fetched 2 hobbies
Fetched 0 events
[JWT Filter] Authenticated user: rayen@gmail.com
[JWT Filter] Authenticated user: rayen@gmail.com
[JWT Filter] Authenticated user: rayen@gmail.com
[JWT Filter] Authenticated user: rayen@gmail.com
[JWT Filter] Authenticated user: rayen@gmail.com
[JWT Filter] Authenticated user: rayen@gmail.com
[JWT Filter] Authenticated user: rayen@gmail.com
[JWT Filter] Authenticated user: rayen@gmail.com
Fetched 2 hobbies
Fetched 0 events
[JWT Filter] Authenticated user: rayen@gmail.com
[JWT Filter] Authenticated user: rayen@gmail.com
[JWT Filter] Authenticated user: rayen@gmail.com
[JWT Filter] Authenticated user: rayen@gmail.com
Fetched 0 events
Fetched 2 hobbies
[JWT Filter] Authenticated user: rayen@gmail.com
[UserController] getCurrentUser returning user: Rayen (ID: 1)
[JWT Filter] Authenticated user: rayen@gmail.com
Fetched 2 hobbies
[JWT Filter] Authenticated user: rayen@gmail.com
[JWT Filter] Authenticated user: rayen@gmail.com
[JWT Filter] Authenticated user: rayen@gmail.com
[JWT Filter] Authenticated user: rayen@gmail.com
[JWT Filter] Authenticated user: rayen@gmail.com
[JWT Filter] Authenticated user: rayen@gmail.com
[JWT Filter] Authenticated user: rayen@gmail.com
[JWT Filter] Authenticated user: rayen@gmail.com
Fetched 2 hobbies
[JWT Filter] Authenticated user: rayen@gmail.com
[JWT Filter] Authenticated user: rayen@gmail.com
[JWT Filter] Authenticated user: rayen@gmail.com
Fetched 2 hobbies
Fetched 0 events
[JWT Filter] Authenticated user: rayen@gmail.com
[JWT Filter] Authenticated user: rayen@gmail.com
[JWT Filter] Authenticated user: rayen@gmail.com
[JWT Filter] Authenticated user: rayen@gmail.com
[JWT Filter] Authenticated user: rayen@gmail.com
[JWT Filter] Authenticated user: rayen@gmail.com
[JWT Filter] Authenticated user: rayen@gmail.com
[JWT Filter] Authenticated user: rayen@gmail.com
Fetched 0 events
Fetched 2 hobbies
[JWT Filter] Authenticated user: rayen@gmail.com
[JWT Filter] Authenticated user: rayen@gmail.com
[JWT Filter] Authenticated user: rayen@gmail.com
[JWT Filter] Authenticated user: rayen@gmail.com
Fetched 0 events
Fetched 2 hobbies
[JWT Filter] Authenticated user: rayen@gmail.com
Fetched 2 hobbies
[JWT Filter] Authenticated user: rayen@gmail.com
[JWT Filter] Authenticated user: rayen@gmail.com
Fetched 2 hobbies
[JWT Filter] Authenticated user: rayen@gmail.com
[JWT Filter] Authenticated user: rayen@gmail.com
[JWT Filter] Authenticated user: rayen@gmail.com
[JWT Filter] Authenticated user: rayen@gmail.com
[JWT Filter] Authenticated user: rayen@gmail.com
[JWT Filter] Authenticated user: rayen@gmail.com
[JWT Filter] Authenticated user: rayen@gmail.com
[JWT Filter] Authenticated user: rayen@gmail.com
[JWT Filter] Authenticated user: rayen@gmail.com
[JWT Filter] Authenticated user: rayen@gmail.com
[JWT Filter] Authenticated user: rayen@gmail.com
[JWT Filter] Authenticated user: rayen@gmail.com
[JWT Filter] Authenticated user: rayen@gmail.com
[JWT Filter] Authenticated user: rayen@gmail.com
[JWT Filter] Authenticated user: rayen@gmail.com
[JWT Filter] Authenticated user: rayen@gmail.com
[JWT Filter] Authenticated user: rayen@gmail.com
[JWT Filter] Authenticated user: rayen@gmail.com
[JWT Filter] Authenticated user: rayen@gmail.com
[JWT Filter] Authenticated user: rayen@gmail.com
[JWT Filter] Authenticated user: rayen@gmail.com
[JWT Filter] Authenticated user: rayen@gmail.com
[JWT Filter] Authenticated user: rayen@gmail.com
[JWT Filter] Authenticated user: rayen@gmail.com
[JWT Filter] Authenticated user: rayen@gmail.com
[JWT Filter] Authenticated user: rayen@gmail.com
[JWT Filter] Authenticated user: rayen@gmail.com
[JWT Filter] Authenticated user: rayen@gmail.com
[JWT Filter] Authenticated user: rayen@gmail.com
[JWT Filter] Authenticated user: rayen@gmail.com
[JWT Filter] Authenticated user: rayen@gmail.com
[JWT Filter] Authenticated user: rayen@gmail.com
[JWT Filter] Authenticated user: rayen@gmail.com
[JWT Filter] Authenticated user: rayen@gmail.com
[JWT Filter] Authenticated user: rayen@gmail.com
[JWT Filter] Authenticated user: rayen@gmail.com
[JWT Filter] Authenticated user: rayen@gmail.com
[JWT Filter] Authenticated user: rayen@gmail.com
[JWT Filter] Authenticated user: rayen@gmail.com
[JWT Filter] Authenticated user: rayen@gmail.com
[JWT Filter] Authenticated user: rayen@gmail.com
[JWT Filter] Authenticated user: rayen@gmail.com
[JWT Filter] Authenticated user: rayen@gmail.com
[JWT Filter] Authenticated user: rayen@gmail.com
[JWT Filter] Authenticated user: rayen@gmail.com
[JWT Filter] Authenticated user: rayen@gmail.com
[JWT Filter] Authenticated user: rayen@gmail.com
[JWT Filter] Authenticated user: rayen@gmail.com
[JWT Filter] Authenticated user: rayen@gmail.com
[JWT Filter] Authenticated user: rayen@gmail.com
[JWT Filter] Authenticated user: rayen@gmail.com
Fetched 2 hobbies
[JWT Filter] Authenticated user: rayen@gmail.com
[JWT Filter] Authenticated user: rayen@gmail.com
Fetched 2 hobbies
[JWT Filter] Authenticated user: rayen@gmail.com
[JWT Filter] Authenticated user: rayen@gmail.com
Fetched 0 events
Fetched 2 hobbies
[JWT Filter] Authenticated user: rayen@gmail.com
[JWT Filter] Authenticated user: rayen@gmail.com
[JWT Filter] Authenticated user: rayen@gmail.com
[JWT Filter] Authenticated user: rayen@gmail.com
[JWT Filter] Authenticated user: rayen@gmail.com
[JWT Filter] Authenticated user: rayen@gmail.com
Fetched 2 hobbies
Fetched 0 events
[JWT Filter] Authenticated user: rayen@gmail.com
[JWT Filter] Authenticated user: rayen@gmail.com
[JWT Filter] Authenticated user: rayen@gmail.com
[JWT Filter] Authenticated user: rayen@gmail.com
Fetched 0 events
Fetched 2 hobbies
[JWT Filter] Authenticated user: rayen@gmail.com
[AuthController] Login attempt for email: watcho@gmail.com
[AuthController] User found with ID: 2
[JWT Filter] Authenticated user: watcho@gmail.com
[JWT Filter] Authenticated user: watcho@gmail.com
Fetched 2 hobbies
Fetched 0 events
[JWT Filter] Authenticated user: watcho@gmail.com
[JWT Filter] Authenticated user: watcho@gmail.com
[JWT Filter] Authenticated user: watcho@gmail.com
[JWT Filter] Authenticated user: watcho@gmail.com
[JWT Filter] Authenticated user: watcho@gmail.com
Fetched 2 hobbies
[JWT Filter] Authenticated user: watcho@gmail.com
[JWT Filter] Authenticated user: watcho@gmail.com
[JWT Filter] Authenticated user: watcho@gmail.com
Fetched 2 hobbies
Fetched 0 events
[JWT Filter] Authenticated user: watcho@gmail.com
[JWT Filter] Authenticated user: watcho@gmail.com
[UserController] getCurrentUser returning user: Watcho (ID: 2)
[JWT Filter] Authenticated user: watcho@gmail.com
[JWT Filter] Authenticated user: watcho@gmail.com
Fetched 2 hobbies
[JWT Filter] Authenticated user: watcho@gmail.com
[JWT Filter] Authenticated user: watcho@gmail.com
[JWT Filter] Authenticated user: watcho@gmail.com
[JWT Filter] Authenticated user: watcho@gmail.com
[JWT Filter] Authenticated user: watcho@gmail.com
Fetched 2 hobbies
Fetched 0 events
[JWT Filter] Authenticated user: watcho@gmail.com
Fetched 2 hobbies
[JWT Filter] Authenticated user: watcho@gmail.com
[JWT Filter] Authenticated user: watcho@gmail.com
[JWT Filter] Authenticated user: watcho@gmail.com
Fetched 2 hobbies
[JWT Filter] Authenticated user: watcho@gmail.com
[JWT Filter] Authenticated user: watcho@gmail.com
[JWT Filter] Authenticated user: watcho@gmail.com
[JWT Filter] Authenticated user: watcho@gmail.com
[JWT Filter] Authenticated user: watcho@gmail.com
[JWT Filter] Authenticated user: watcho@gmail.com
[JWT Filter] Authenticated user: watcho@gmail.com
[JWT Filter] Authenticated user: watcho@gmail.com
[JWT Filter] Authenticated user: watcho@gmail.com
[JWT Filter] Authenticated user: watcho@gmail.com
[JWT Filter] Authenticated user: watcho@gmail.com
[JWT Filter] Authenticated user: watcho@gmail.com
[JWT Filter] Authenticated user: watcho@gmail.com
[JWT Filter] Authenticated user: watcho@gmail.com
[JWT Filter] Authenticated user: watcho@gmail.com
[JWT Filter] Authenticated user: watcho@gmail.com
[JWT Filter] Authenticated user: watcho@gmail.com
[JWT Filter] Authenticated user: watcho@gmail.com
[JWT Filter] Authenticated user: watcho@gmail.com
[JWT Filter] Authenticated user: watcho@gmail.com
[JWT Filter] Authenticated user: watcho@gmail.com
[JWT Filter] Authenticated user: watcho@gmail.com
[JWT Filter] Authenticated user: watcho@gmail.com
[JWT Filter] Authenticated user: watcho@gmail.com
[JWT Filter] Authenticated user: watcho@gmail.com
[JWT Filter] Authenticated user: watcho@gmail.com
[JWT Filter] Authenticated user: watcho@gmail.com
[JWT Filter] Authenticated user: watcho@gmail.com
[JWT Filter] Authenticated user: watcho@gmail.com
[JWT Filter] Authenticated user: watcho@gmail.com
[JWT Filter] Authenticated user: watcho@gmail.com
[JWT Filter] Authenticated user: watcho@gmail.com
[JWT Filter] Authenticated user: watcho@gmail.com
[JWT Filter] Authenticated user: watcho@gmail.com
[JWT Filter] Authenticated user: watcho@gmail.com
[JWT Filter] Authenticated user: watcho@gmail.com
[JWT Filter] Authenticated user: watcho@gmail.com
[JWT Filter] Authenticated user: watcho@gmail.com
[JWT Filter] Authenticated user: watcho@gmail.com
[JWT Filter] Authenticated user: watcho@gmail.com
[JWT Filter] Authenticated user: watcho@gmail.com
Fetched 2 hobbies
[JWT Filter] Authenticated user: watcho@gmail.com
Fetched 2 hobbies
[JWT Filter] Authenticated user: watcho@gmail.com
[JWT Filter] Authenticated user: watcho@gmail.com
[JWT Filter] Authenticated user: watcho@gmail.com
Fetched 0 events
Fetched 2 hobbies
[JWT Filter] Authenticated user: watcho@gmail.com
[JWT Filter] Authenticated user: watcho@gmail.com
[JWT Filter] Authenticated user: watcho@gmail.com
[JWT Filter] Authenticated user: watcho@gmail.com
Fetched 0 events
Fetched 2 hobbies
[JWT Filter] Authenticated user: watcho@gmail.com
[JWT Filter] Authenticated user: watcho@gmail.com
[JWT Filter] Authenticated user: watcho@gmail.com
[JWT Filter] Authenticated user: watcho@gmail.com
[JWT Filter] Authenticated user: watcho@gmail.com
Fetched 0 events
Fetched 2 hobbies
[JWT Filter] Authenticated user: watcho@gmail.com
[JWT Filter] Authenticated user: watcho@gmail.com
[UserController] getCurrentUser returning user: Watcho (ID: 2)
[JWT Filter] Authenticated user: watcho@gmail.com
[JWT Filter] Authenticated user: watcho@gmail.com
Fetched 2 hobbies
[JWT Filter] Authenticated user: watcho@gmail.com
[JWT Filter] Authenticated user: watcho@gmail.com
[JWT Filter] Authenticated user: watcho@gmail.com
[JWT Filter] Authenticated user: watcho@gmail.com
[JWT Filter] Authenticated user: watcho@gmail.com
[JWT Filter] Authenticated user: watcho@gmail.com
Fetched 0 events
Fetched 2 hobbies
[JWT Filter] Authenticated user: watcho@gmail.com
[AuthController] Login attempt for email: rayen@gmail.com
[AuthController] User found with ID: 1
[JWT Filter] Authenticated user: rayen@gmail.com
[JWT Filter] Authenticated user: rayen@gmail.com
Fetched 0 events
Fetched 2 hobbies
[JWT Filter] Authenticated user: rayen@gmail.com
[JWT Filter] Authenticated user: rayen@gmail.com
[JWT Filter] Authenticated user: rayen@gmail.com
[JWT Filter] Authenticated user: rayen@gmail.com
Fetched 0 events
Fetched 2 hobbies
[JWT Filter] Authenticated user: rayen@gmail.com
[JWT Filter] Authenticated user: rayen@gmail.com
Fetched 2 hobbies
[JWT Filter] Authenticated user: rayen@gmail.com
[JWT Filter] Authenticated user: rayen@gmail.com
Fetched 2 hobbies
[JWT Filter] Authenticated user: rayen@gmail.com
[JWT Filter] Authenticated user: rayen@gmail.com
[JWT Filter] Authenticated user: rayen@gmail.com
[JWT Filter] Authenticated user: rayen@gmail.com
[JWT Filter] Authenticated user: rayen@gmail.com
[JWT Filter] Authenticated user: rayen@gmail.com
[JWT Filter] Authenticated user: rayen@gmail.com
[JWT Filter] Authenticated user: rayen@gmail.com
[JWT Filter] Authenticated user: rayen@gmail.com
[JWT Filter] Authenticated user: rayen@gmail.com
[JWT Filter] Authenticated user: rayen@gmail.com
[JWT Filter] Authenticated user: rayen@gmail.com
[JWT Filter] Authenticated user: rayen@gmail.com
[JWT Filter] Authenticated user: rayen@gmail.com
[JWT Filter] Authenticated user: rayen@gmail.com
[JWT Filter] Authenticated user: rayen@gmail.com
[JWT Filter] Authenticated user: rayen@gmail.com
[JWT Filter] Authenticated user: rayen@gmail.com
[JWT Filter] Authenticated user: rayen@gmail.com
[JWT Filter] Authenticated user: rayen@gmail.com
[JWT Filter] Authenticated user: rayen@gmail.com
[JWT Filter] Authenticated user: rayen@gmail.com
[JWT Filter] Authenticated user: rayen@gmail.com
[JWT Filter] Authenticated user: rayen@gmail.com
[JWT Filter] Authenticated user: rayen@gmail.com
[JWT Filter] Authenticated user: rayen@gmail.com
[JWT Filter] Authenticated user: rayen@gmail.com
[JWT Filter] Authenticated user: rayen@gmail.com
[JWT Filter] Authenticated user: rayen@gmail.com
[JWT Filter] Authenticated user: rayen@gmail.com
[JWT Filter] Authenticated user: rayen@gmail.com
[JWT Filter] Authenticated user: rayen@gmail.com
[JWT Filter] Authenticated user: rayen@gmail.com
[JWT Filter] Authenticated user: rayen@gmail.com
[JWT Filter] Authenticated user: rayen@gmail.com
[JWT Filter] Authenticated user: rayen@gmail.com
[JWT Filter] Authenticated user: rayen@gmail.com
[JWT Filter] Authenticated user: rayen@gmail.com
[JWT Filter] Authenticated user: rayen@gmail.com
[JWT Filter] Authenticated user: rayen@gmail.com
[JWT Filter] Authenticated user: rayen@gmail.com
[JWT Filter] Authenticated user: rayen@gmail.com
[JWT Filter] Authenticated user: rayen@gmail.com
[JWT Filter] Authenticated user: rayen@gmail.com
[JWT Filter] Authenticated user: rayen@gmail.com
[JWT Filter] Authenticated user: rayen@gmail.com
[JWT Filter] Authenticated user: rayen@gmail.com
[JWT Filter] Authenticated user: rayen@gmail.com
[JWT Filter] Authenticated user: rayen@gmail.com
[JWT Filter] Authenticated user: rayen@gmail.com
[JWT Filter] Authenticated user: rayen@gmail.com
[JWT Filter] Authenticated user: rayen@gmail.com
[JWT Filter] Authenticated user: rayen@gmail.com
[JWT Filter] Authenticated user: rayen@gmail.com
[JWT Filter] Authenticated user: rayen@gmail.com
[JWT Filter] Authenticated user: rayen@gmail.com
[JWT Filter] Authenticated user: rayen@gmail.com
[JWT Filter] Authenticated user: rayen@gmail.com
[JWT Filter] Authenticated user: rayen@gmail.com
[JWT Filter] Authenticated user: rayen@gmail.com
[JWT Filter] Authenticated user: rayen@gmail.com
[JWT Filter] Authenticated user: rayen@gmail.com
[JWT Filter] Authenticated user: rayen@gmail.com
[JWT Filter] Authenticated user: rayen@gmail.com
[JWT Filter] Authenticated user: rayen@gmail.com
[JWT Filter] Authenticated user: rayen@gmail.com
[JWT Filter] Authenticated user: rayen@gmail.com
[JWT Filter] Authenticated user: rayen@gmail.com
[JWT Filter] Authenticated user: rayen@gmail.com
[JWT Filter] Authenticated user: rayen@gmail.com
[JWT Filter] Authenticated user: rayen@gmail.com
[JWT Filter] Authenticated user: rayen@gmail.com
[JWT Filter] Authenticated user: rayen@gmail.com
[JWT Filter] Authenticated user: rayen@gmail.com
[JWT Filter] Authenticated user: rayen@gmail.com
[JWT Filter] Authenticated user: rayen@gmail.com
[JWT Filter] Authenticated user: rayen@gmail.com
[JWT Filter] Authenticated user: rayen@gmail.com
[JWT Filter] Authenticated user: rayen@gmail.com
